中国VS美利坚合众国 霹雳舞
gold:0/0
silver:0/0
bronze:1/1
total:1/1
-----