winner:Abdumalik KHALOKOV
nationality:UZB
gold:1
silver:0
bronze:0
total:1
-----
winner:Ahmed ELGENDY
nationality:EGY
gold:1
silver:0
bronze:0
total:1
-----
winner:Althea LAURIN
nationality:FRA
gold:1
silver:0
bronze:0
total:1
-----
winner:Arian SALIMI
nationality:IRI
gold:1
silver:0
bronze:0
total:1
-----
winner:Bakhodir JALOLOV
nationality:UZB
gold:1
silver:0
bronze:0
total:1
-----
winner:CAO Yuan
nationality:CHN
gold:1
silver:0
bronze:0
total:1
-----
winner:Emmanuel WANYONYI
nationality:KEN
gold:1
silver:0
bronze:0
total:1
-----
winner:Faith KIPYEGON
nationality:KEN
gold:1
silver:0
bronze:0
total:1
-----
winner:Geno PETRIASHVILI
nationality:GEO
gold:1
silver:0
bronze:0
total:1
-----
winner:Hamish KERR
nationality:NZL
gold:1
silver:0
bronze:0
total:1
-----
winner:Jakob INGEBRIGTSEN
nationality:NOR
gold:1
silver:0
bronze:0
total:1
-----
winner:Janja GARNBRET
nationality:SLO
gold:1
silver:0
bronze:0
total:1
-----
winner:Josef DOSTAL
nationality:CZE
gold:1
silver:0
bronze:0
total:1
-----
winner:Katie VINCENT
nationality:CAN
gold:1
silver:0
bronze:0
total:1
-----
winner:KITAGUCHI Haruka
nationality:JPN
gold:1
silver:0
bronze:0
total:1
-----
winner:Lasha TALAKHADZE
nationality:GEO
gold:1
silver:0
bronze:0
total:1
-----
winner:LI Qian
nationality:CHN
gold:1
silver:0
bronze:0
total:1
-----
winner:LIN Yu Ting
nationality:TPE
gold:1
silver:0
bronze:0
total:1
-----
winner:Lisa CARRINGTON
nationality:NZL
gold:1
silver:0
bronze:0
total:1
-----
winner:LIU Huanhua
nationality:CHN
gold:1
silver:0
bronze:0
total:1
-----
winner:Lydia KO
nationality:NZL
gold:1
silver:0
bronze:0
total:1
-----
winner:Masai RUSSELL
nationality:USA
gold:1
silver:0
bronze:0
total:1
-----
winner:MOTOKI Sakura
nationality:JPN
gold:1
silver:0
bronze:0
total:1
-----
winner:PHIL WIZARD
nationality:CAN
gold:1
silver:0
bronze:0
total:1
-----
winner:Razambek Salambekovitch JAMALOV
nationality:UZB
gold:1
silver:0
bronze:0
total:1
-----
winner:Solfrid Eila Amena KOANDA
nationality:NOR
gold:1
silver:0
bronze:0
total:1
-----
winner:Tamirat TOLA
nationality:ETH
gold:1
silver:0
bronze:0
total:1
-----
winner:Adam VARGA
nationality:HUN
gold:0
silver:1
bronze:0
total:1
-----
winner:Akbar DJURAEV
nationality:UZB
gold:0
silver:1
bronze:0
total:1
-----
winner:Amir Hossein ZARE
nationality:IRI
gold:0
silver:1
bronze:0
total:1
-----
winner:Atheyna Bibeichi BYLON
nationality:PAN
gold:0
silver:1
bronze:0
total:1
-----
winner:Ayoub GHADFA DRISSI EL AISSAOUI
nationality:ESP
gold:0
silver:1
bronze:0
total:1
-----
winner:Bashir ABDI
nationality:BEL
gold:0
silver:1
bronze:0
total:1
-----
winner:Brooke RABOUTOU
nationality:USA
gold:0
silver:1
bronze:0
total:1
-----
winner:Caden CUNNINGHAM
nationality:GBR
gold:0
silver:1
bronze:0
total:1
-----
winner:Cyrena SAMBA-MAYELA
nationality:FRA
gold:0
silver:1
bronze:0
total:1
-----
winner:DANY DANN
nationality:FRA
gold:0
silver:1
bronze:0
total:1
-----
winner:Esther HENSELEIT
nationality:GER
gold:0
silver:1
bronze:0
total:1
-----
winner:Iryna KOLIADENKO
nationality:UKR
gold:0
silver:1
bronze:0
total:1
-----
winner:Jessica HULL
nationality:AUS
gold:0
silver:1
bronze:0
total:1
-----
winner:Jo-Ane van DYK
nationality:RSA
gold:0
silver:1
bronze:0
total:1
-----
winner:Julia SZEREMETA
nationality:POL
gold:0
silver:1
bronze:0
total:1
-----
winner:Marco AROP
nationality:CAN
gold:0
silver:1
bronze:0
total:1
-----
winner:Munarbek SEIITBEK UULU
nationality:KGZ
gold:0
silver:1
bronze:0
total:1
-----
winner:Nevin HARRISON
nationality:USA
gold:0
silver:1
bronze:0
total:1
-----
winner:Ronald KWEMOI
nationality:KEN
gold:0
silver:1
bronze:0
total:1
-----
winner:Sara AHMED
nationality:EGY
gold:0
silver:1
bronze:0
total:1
-----
winner:SATO Taishu
nationality:JPN
gold:0
silver:1
bronze:0
total:1
-----
winner:Shelby McEWEN
nationality:USA
gold:0
silver:1
bronze:0
total:1
-----
winner:Svetlana OSIPOVA
nationality:UZB
gold:0
silver:1
bronze:0
total:1
-----
winner:TAKATANI Daichi
nationality:JPN
gold:0
silver:1
bronze:0
total:1
-----
winner:TAMAI Rikuto
nationality:JPN
gold:0
silver:1
bronze:0
total:1
-----
winner:Tamara CSIPES
nationality:HUN
gold:0
silver:1
bronze:0
total:1
-----
winner:Varazdat LALAYAN
nationality:ARM
gold:0
silver:1
bronze:0
total:1
-----
winner:Aisuluu TYNYBEKOVA
nationality:KGZ
gold:0
silver:0
bronze:1
total:1
-----
winner:Balint KOPASZ
nationality:HUN
gold:0
silver:0
bronze:1
total:1
-----
winner:Benson KIPRUTO
nationality:KEN
gold:0
silver:0
bronze:1
total:1
-----
winner:Cheick Sallah CISSE
nationality:CIV
gold:0
silver:0
bronze:1
total:1
-----
winner:Chermen VALIEV
nationality:ALB
gold:0
silver:0
bronze:1
total:1
-----
winner:Djamel SEDJATI
nationality:ALG
gold:0
silver:0
bronze:1
total:1
-----
winner:Emma Aastrand JORGENSEN
nationality:DEN
gold:0
silver:0
bronze:1
total:1
-----
winner:Georgia BELL
nationality:GBR
gold:0
silver:0
bronze:1
total:1
-----
winner:Giorgi MESHVILDISHVILI
nationality:AZE
gold:0
silver:0
bronze:1
total:1
-----
winner:Giorgio MALAN
nationality:ITA
gold:0
silver:0
bronze:1
total:1
-----
winner:Gor MINASYAN
nationality:BRN
gold:0
silver:0
bronze:1
total:1
-----
winner:Grace Jacob BULLEN
nationality:NOR
gold:0
silver:0
bronze:1
total:1
-----
winner:Grant FISHER
nationality:USA
gold:0
silver:0
bronze:1
total:1
-----
winner:Jasmine CAMACHO-QUINN
nationality:PUR
gold:0
silver:0
bronze:1
total:1
-----
winner:Jessica PILZ
nationality:AUT
gold:0
silver:0
bronze:1
total:1
-----
winner:Kyle Douglas DAKE
nationality:USA
gold:0
silver:0
bronze:1
total:1
-----
winner:LEE Dabin
nationality:KOR
gold:0
silver:0
bronze:1
total:1
-----
winner:LIN Xiyu Janet
nationality:CHN
gold:0
silver:0
bronze:1
total:1
-----
winner:Mutaz Essa BARSHIM
nationality:QAT
gold:0
silver:0
bronze:1
total:1
-----
winner:Nafia KUS AYDIN
nationality:TUR
gold:0
silver:0
bronze:1
total:1
-----
winner:Neisi Patricia DAJOMES BARRERA
nationality:ECU
gold:0
silver:0
bronze:1
total:1
-----
winner:Nikola OGRODNIKOVA
nationality:CZE
gold:0
silver:0
bronze:1
total:1
-----
winner:Noah WILLIAMS
nationality:GBR
gold:0
silver:0
bronze:1
total:1
-----
winner:Rafael ALBA
nationality:CUB
gold:0
silver:0
bronze:1
total:1
-----
winner:Taha AKGUL
nationality:TUR
gold:0
silver:0
bronze:1
total:1
-----
winner:VICTOR
nationality:USA
gold:0
silver:0
bronze:1
total:1
-----
winner:Yarisleidis CIRILO DUBOYS
nationality:CUB
gold:0
silver:0
bronze:1
total:1
-----